// Jest Snapshot v1, https://jestjs.io/docs/snapshot-testing

exports[`team lifecycle given: [case2] validation error: absent parent team when: [t0] setTeam is called with absent parent then: it throws BadRequestError with snapshot: setTeam absent parent error 1`] = `
"BadRequestError: parent team not found

{
  "org": "ehmpathy",
  "slug": "nonexistent-parent-team",
  "hint": "ensure parent team exists before child team creation"
}"
`;
